[backblue.gif]
[fade.gif]
[index.html]
[alsayegh.com/assets/img/seo-image.jpg]
[alsayegh.com/assets/fav/favicon-96x96.png]
[alsayegh.com/assets/fav/favicon.ico]
[alsayegh.com/assets/fav/apple-touch-icon.png]
[cdn.jsdelivr.net/npm/bootstrap@5.3.2/dist/css/bootstrap.min.css]
[alsayegh.com/js/swiper-bundle.min.js]
[www.google.com/recaptcha/api.js]
[ajax.googleapis.com/ajax/libs/jquery/3.4.1/jquery.min.js]
[cdn.jsdelivr.net/npm/jquery.marquee/jquery.marquee.min.css]
[alsayegh.com/assets/img/logo.png]
[alsayegh.com/assets/img/uae.mp4]
[alsayegh.com/assets/img/unmute.png]
[alsayegh.com/storage/services/Asset_1.jpg]
[alsayegh.com/storage/services/Asset_6.jpg]
[alsayegh.com/storage/services/Asset_3.jpg]
[alsayegh.com/storage/services/Asset_5.jpg]
[alsayegh.com/storage/services/Asset_2.jpg]
[alsayegh.com/storage/services/Asset_8.jpg]
[alsayegh.com/storage/services/Asset_7.jpg]
[alsayegh.com/storage/services/Asset_4.jpg]
[alsayegh.com/storage/clients/Artboard_62.png]
[alsayegh.com/storage/clients/Artboard_49.png]
[alsayegh.com/storage/clients/Artboard_50.png]
[alsayegh.com/storage/clients/Artboard_51.png]
[alsayegh.com/storage/clients/Artboard_52.png]
[alsayegh.com/storage/clients/Artboard_53.png]
[alsayegh.com/storage/clients/Artboard_54.png]
[alsayegh.com/storage/clients/Artboard_55.png]
[alsayegh.com/storage/clients/Artboard_56.png]
[alsayegh.com/storage/clients/Artboard_57.png]
[alsayegh.com/storage/clients/Artboard_58.png]
[alsayegh.com/storage/clients/Artboard_59.png]
[alsayegh.com/storage/clients/Artboard_60.png]
[alsayegh.com/storage/clients/Artboard_61.png]
[alsayegh.com/storage/projects/Asset_66c4ca.jpg]
[alsayegh.com/storage/projects/01JFSJYJ9NQQW6H3XHHP3B5HEDc4ca.jpg]
[alsayegh.com/storage/projects/Asset_64c4ca.jpg]
[alsayegh.com/storage/projects/Asset_72c4ca.jpg]
[alsayegh.com/storage/projects/Asset_65c4ca.jpg]
[alsayegh.com/storage/projects/Asset_73c4ca.jpg]
[alsayegh.com/storage/projects/Asset_63c4ca.jpg]
[alsayegh.com/storage/projects/Asset_74c4ca.jpg]
[alsayegh.com/storage/projects/Asset_67c4ca.jpg]
[alsayegh.com/storage/projects/Asset_75c4ca.jpg]
[alsayegh.com/storage/projects/Asset_68c4ca.jpg]
[alsayegh.com/storage/projects/Asset_76c4ca.jpg]
[alsayegh.com/storage/projects/Asset_69c4ca.jpg]
[alsayegh.com/storage/projects/Asset_77c4ca.jpg]
[alsayegh.com/storage/projects/Asset_70c4ca.jpg]
[alsayegh.com/storage/projects/Asset_78c4ca.jpg]
[alsayegh.com/assets/img/footerlogo@2x.png]
[alsayegh.com/assets/img/outline@2x.png]
[alsayegh.com/assets/img/whatsapp-icon.png]
[cdn.jsdelivr.net/npm/bootstrap@5.3.2/dist/js/bootstrap.bundle.min.js]
[code.jquery.com/jquery-3.6.0.min.js]
[cdn.jsdelivr.net/npm/jquery.marquee/jquery.marquee.min.js]
[alsayegh.com/assets/img/mute.png]
[alsayegh.com/index.html]
[alsayegh.com/assets/fav/favicon.svg]
[alsayegh.com/assets/fav/site.html]
[cdn.jsdelivr.net/npm/bootstrap@5.3.2/dist/css/bootstrap.min.css]
[alsayegh.com/css/swiper-bundle.min.css]
[alsayegh.com/assets/img/contactbgc81e.jpg]
[alsayegh.com/assets/img/mobilecontactborder.png]
[alsayegh.com/assets/img/contactmob.jpg]
[alsayegh.com/assets/css/style70ef.css]
[www.googletagmanager.com/gtm5445.html]
[cdn.jsdelivr.net/npm/jquery.marquee/jquery.marquee.min.css]
[alsayegh.com/assets/img/arrow-down.svg]
[alsayegh.com/storage/services/sub_services/01JK142KAKJVCMK7CG37C7B8FW.png]
[alsayegh.com/storage/services/sub_services/01JK142KAN043R2PVPJA23J47F.png]
[alsayegh.com/storage/services/sub_services/01JK142KAPFQ2DF4PTR48Z7GFJ.png]
[alsayegh.com/storage/services/sub_services/01JK142KAQXJAT9ZW2QKQXM06E.png]
[alsayegh.com/storage/services/sub_services/01JK1911GBNSDWDVM13WDEX352.png]
[alsayegh.com/storage/services/sub_services/01JK145GG4K5S4W0R4NWVPMTCS.png]
[alsayegh.com/storage/services/sub_services/01JK145GG5SSF7J0BXQ4NF9KZ5.png]
[alsayegh.com/storage/services/sub_services/01JK145GG6DWR6KZHVWBYJNX3E.png]
[alsayegh.com/storage/services/01JKNWA5JB3K7E89FGK7KDPHYAc4ca.mp4]
[alsayegh.com/services/events.html]
[alsayegh.com/storage/services/sub_services/01JK2MWBS8X7AGSW6W8GNS2XHE.jpg]
[alsayegh.com/storage/services/sub_services/01JK2MWBSCG28C1M362881NBD7.jpg]
[alsayegh.com/storage/services/sub_services/01JK2MWBSCG28C1M362881NBD8.jpg]
[alsayegh.com/storage/services/sub_services/01JK2MWBSD91WQJRMJX34GN7Y6.jpg]
[alsayegh.com/storage/services/sub_services/01JK2MWBSD91WQJRMJX34GN7Y7.jpg]
[alsayegh.com/storage/services/sub_services/01JK2MWBSE2FNCNK4YZZRAY5GS.jpg]
[alsayegh.com/storage/services/sub_services/01JK2MWBSG73AF1G2SR7186WY2.jpg]
[alsayegh.com/storage/services/sub_services/01JK2MWBSK1THK2HVR6X4JTGP8.jpg]
[alsayegh.com/storage/services/01JKNWR1C6NVTBWTW7DGQC71CYc4ca.mp4]
[alsayegh.com/services/conferences.html]
[alsayegh.com/storage/services/sub_services/01JK56FFMP99AJ8SX68JMJM2PS.jpg]
[alsayegh.com/storage/services/sub_services/01JK56FFNYHSH73J2CPKCGVP7J.jpg]
[alsayegh.com/storage/services/sub_services/01JK56FFNZ0K017G0TXW5BW7G4.jpg]
[alsayegh.com/storage/services/sub_services/01JK56FFNZ0K017G0TXW5BW7G5.jpg]
[alsayegh.com/storage/services/sub_services/01JK56FFP0SCRG6861NJ520C0M.jpg]
[alsayegh.com/storage/services/sub_services/01JK56FFP0SCRG6861NJ520C0N.jpg]
[alsayegh.com/storage/services/sub_services/01JK56FFP0SCRG6861NJ520C0P.jpg]
[alsayegh.com/storage/services/sub_services/01JK56FFP3ESDP3ZG37JVBEQ7T.jpg]
[alsayegh.com/storage/services/01JKNWC493RQVE0ZN735PPQ806c4ca.mp4]
[alsayegh.com/services/branding.html]
[alsayegh.com/storage/services/sub_services/01JK2RMSGS254GKFY4XH4Q45G5.jpg]
[alsayegh.com/storage/services/sub_services/01JK2RMSGX5DP8HAX1B8X0CVGX.jpg]
[alsayegh.com/storage/services/sub_services/01JK2RMSGZFCNHAF2ND9C6T381.jpg]
[alsayegh.com/storage/services/sub_services/01JK2RMSH27QM7420DWB81036E.jpg]
[alsayegh.com/storage/services/sub_services/01JK2RMSH49D8XJ2FM9GMZ51E7.jpg]
[alsayegh.com/storage/services/sub_services/01JK2RMSH77MX086XGJ8VR5J0D.jpg]
[alsayegh.com/storage/services/sub_services/01JK2RMSH9QMCRTZPVA3MX45F1.jpg]
[alsayegh.com/storage/services/sub_services/01JK2RMSHCNGXD8F4N23XEE3Y1.jpg]
[alsayegh.com/storage/services/01JKNWFPKD4HAJHZ1P1GFADPS1c4ca.mp4]
[alsayegh.com/services/video.html]
[alsayegh.com/storage/services/sub_services/01JK2S8FR7XAGT5Q8WJHVPCKGT.jpg]
[alsayegh.com/storage/services/sub_services/01JK2S8FRA0J1NFVSYTY7QJR02.jpg]
[alsayegh.com/storage/services/sub_services/01JK2S8FRC4QDY98TSWBPZPSFE.jpg]
[alsayegh.com/storage/services/sub_services/01JK2S8FRETW1H8VPC2C0FEF1C.jpg]
[alsayegh.com/storage/services/sub_services/01JK2S8FRHPRV9G0S833B1MA3A.jpg]
[alsayegh.com/storage/services/sub_services/01JK2S8FRKSCFV9M934A412C46.jpg]
[alsayegh.com/storage/services/sub_services/01JK2S8FRP7QCR1VHPYXAGXZGQ.jpg]
[alsayegh.com/storage/services/sub_services/01JK2S8FRRYSN683X05HDBV8GA.jpg]
[alsayegh.com/storage/services/01JKWH3HN6D4C85FNE60JPCFJEc4ca.mp4]
[alsayegh.com/services/socialmedia.html]
[alsayegh.com/storage/services/sub_services/01JK2SZKZ6499CQ7KYT69YP901.jpg]
[alsayegh.com/storage/services/sub_services/01JK2SZKZ935CPDRQ8RHYAE0X2.jpg]
[alsayegh.com/storage/services/sub_services/01JK2SZKZBAHY5HQY2D85XSCZX.jpg]
[alsayegh.com/storage/services/sub_services/01JK2SZKZEFK5DP5K903XF9ZKK.jpg]
[alsayegh.com/storage/services/sub_services/01JK2SZKZGG1GH9RZ8B9ZTCGPW.jpg]
[alsayegh.com/storage/services/sub_services/01JK2SZKZJHF2CP8DEDXW9XXYJ.jpg]
[alsayegh.com/storage/services/sub_services/01JK2SZKZNNN388KWJCWSMSBVN.jpg]
[alsayegh.com/storage/services/sub_services/01JK2SZKZQXPQEQCMCVMW4RFK3.jpg]
[alsayegh.com/services/influencer_marketing.html]
[alsayegh.com/storage/services/sub_services/01JK2TVJF4Y1401RGM2YT1DD7K.jpg]
[alsayegh.com/storage/services/sub_services/01JK2TVJF9TAVEARMFEZFJF29D.jpg]
[alsayegh.com/storage/services/sub_services/01JK2TVJF9TAVEARMFEZFJF29E.jpg]
[alsayegh.com/storage/services/sub_services/01JK2TVJFCD88H1DAD19PQMYRK.jpg]
[alsayegh.com/storage/services/sub_services/01JK2TVJFEBRV2E3EBDJA0J3S0.jpg]
[alsayegh.com/storage/services/sub_services/01JK2TVJFHD8EESFGA1NE8S4NX.jpg]
[alsayegh.com/storage/services/sub_services/01JK2TVJFK3G59QSN97KZ655C6.jpg]
[alsayegh.com/storage/services/sub_services/01JK2TVJFP9YZ9NP2Q0JNSH8QA.jpg]
[alsayegh.com/services/media_planning.html]
[alsayegh.com/storage/services/sub_services/01JK2VB82VDFZVGBD7A1Y6RHSV.jpg]
[alsayegh.com/storage/services/sub_services/01JK2VB82YFA4NPRY74FSGG7TB.jpg]
[alsayegh.com/storage/services/sub_services/01JK2VB8313FQ1NFJ754FT9FR0.jpg]
[alsayegh.com/storage/services/sub_services/01JK2VB833PGZCNK55E0AY63V5.jpg]
[alsayegh.com/storage/services/sub_services/01JK2VB835BXK04MAPS97CQN8T.jpg]
[alsayegh.com/storage/services/sub_services/01JK2VB8386E2HX002TV90TFT1.jpg]
[alsayegh.com/storage/services/sub_services/01JK2VB83A6NHNDRPV7Y8WMKE7.jpg]
[alsayegh.com/storage/services/sub_services/01JK2VB83DA6FN1DQFNSWNKQ3F.jpg]
[alsayegh.com/services/digital.html]
[alsayegh.com/storage/projects/Dubai_World_Cup_2024_Closing_ceremony.mp4]
[alsayegh.com/storage/projects/01JK542BYQE56XMBWJWZ8GD0KQ.jpg]
[alsayegh.com/storage/projects/01JK542BYPWG2G2536RMM8JH0C.jpg]
[alsayegh.com/storage/projects/01JK542BYPWG2G2536RMM8JH0B.jpg]
[alsayegh.com/storage/projects/01JK542BYMD8XAKCPXV5XT6BT2.jpg]
[alsayegh.com/storage/projects/01JK542BYNSYMWTE8NW4GMC3JE.jpg]
[alsayegh.com/storage/projects/01JK542BYNSYMWTE8NW4GMC3JD.jpg]
[alsayegh.com/storage/projects/01JKP1BMH95AG905JFRXY4E0FY.mp4]
[alsayegh.com/storage/projects/01JM1KNYTD87MCBN2WXG6AAQAQ.mp4]
[cdnjs.cloudflare.com/ajax/libs/packery/2.1.2/packery.pkgd.min.js]
[cdnjs.cloudflare.com/ajax/libs/draggabilly/2.3.0/draggabilly.pkgd.min.js]
[alsayegh.com/project/drc.html]
[alsayegh.com/storage/projects/terra.mp4]
[alsayegh.com/storage/projects/01JK1D4413QV6148H4EW1VRHS9.png]
[alsayegh.com/storage/projects/01JK1D4410A2S42TQZ3B2CY3GC.png]
[alsayegh.com/storage/projects/01JK1D440QB7XTK706HAB517K1.png]
[alsayegh.com/storage/projects/01JK1D440WHXDQS985V2RNT6TN.png]
[alsayegh.com/storage/projects/01JK1D440SZ6X6BNPG0KNEP3AJ.png]
[alsayegh.com/storage/projects/01JK1D440FNEDTH2DJRP05WF7Y.png]
[alsayegh.com/storage/projects/01JK1D440D552DM90JRCAC7F5H.png]
[alsayegh.com/storage/projects/01JK1D440JFTDW5PS9JKWWNZR8.png]
[alsayegh.com/storage/projects/01JK1D440D552DM90JRCAC7F5J.png]
[alsayegh.com/storage/projects/01JK1D440AM6MFKE8YE53DWM29.png]
[alsayegh.com/storage/projects/01JK1D440N09T71PECPYYP6R50.png]
[alsayegh.com/storage/projects/01JJVBPRRW38KTZ6G2Z1B60E13.jpg]
[alsayegh.com/storage/projects/01JJVBPRRYQ7FP57Q2PEGY7WYG.jpg]
[alsayegh.com/storage/projects/01JJVBPRRYQ7FP57Q2PEGY7WYH.jpg]
[alsayegh.com/storage/projects/01JJVBPRRZCGNHCTBS9SP2MAFR.jpg]
[alsayegh.com/storage/projects/01JJVBPRRZCGNHCTBS9SP2MAFS.jpg]
[alsayegh.com/storage/projects/01JJVBPRRZCGNHCTBS9SP2MAFT.jpg]
[alsayegh.com/storage/projects/01JK1BXCTF4MDQ542Y9K4311NP.png]
[alsayegh.com/storage/projects/01JK1BXCTF4MDQ542Y9K4311NN.png]
[alsayegh.com/storage/projects/01JK1BXCTEK477ZDN8Q01BGGGF.png]
[alsayegh.com/storage/projects/01JK1BXCTC3VX06ZRV628FSW4G.png]
[alsayegh.com/project/expo_city_dubai.html]
[alsayegh.com/storage/projects/01JKMWHEFXHJJ04REWE2S851NJ.mp4]
[alsayegh.com/storage/projects/01JKMWG3408596SHPNDGKETDXY.jpg]
[alsayegh.com/storage/projects/01JKMWG33XRJXNH0G80DFP1D4T.jpg]
[alsayegh.com/storage/projects/01JKMWG33TFYQVG2BPV9AZ0CN6.jpg]
[alsayegh.com/storage/projects/01JKMWG33R20P2RMPWZ04QS17C.jpg]
[alsayegh.com/storage/projects/01JKMWG33NSHEQ8DPWJDJWAWP6.jpg]
[alsayegh.com/storage/projects/01JKMWG33JWAEJASWAEXHABPXS.jpg]
[alsayegh.com/project/al_ula.html]
[alsayegh.com/storage/projects/01JM1K1KN3P4KXKT1PJV2G2VEQ.mp4]
[alsayegh.com/storage/projects/01JKMW06JPAJW4PJQG0RSXSJSW.jpg]
[alsayegh.com/storage/projects/01JKMW06JK4FTDXB9Y6K9AMRFW.jpg]
[alsayegh.com/storage/projects/01JKMW06JGY6QX7KGCGPBYC3CW.jpg]
[alsayegh.com/storage/projects/01JKMW06JE9AYWBZTVD2VZ7D52.jpg]
[alsayegh.com/storage/projects/01JKMW06JBTKBJBT79ZGCHTBYT.jpg]
[alsayegh.com/storage/projects/01JKMW06J9AZT02FZS5KQMW34R.jpg]
[alsayegh.com/storage/projects/01JKMW06J6A6WEMPA2HN7B31HQ.jpg]
[alsayegh.com/storage/projects/01JKMW06J3Q8MDGF750DDN979R.jpg]
[alsayegh.com/storage/projects/01JKMW06J0C2K5YSX9QS63AN4Q.jpg]
[alsayegh.com/project/musuem_of_the_future.html]
[alsayegh.com/storage/projects/01JKMRE1PZ4E6A0XWTZW9E8BBH.mp4]
[alsayegh.com/storage/projects/01JKMRCS63F2FP64NDBNJXP269.jpg]
[alsayegh.com/storage/projects/01JKMRCS604NGVWXK6YH70W1FF.jpg]
[alsayegh.com/storage/projects/01JKMRCS5X81SDPTZSV545B75P.jpg]
[alsayegh.com/storage/projects/01JKMRCS5RGDZGHXGZDV8GDB7K.jpg]
[alsayegh.com/storage/projects/01JKMRCS5PMHS2RMGHG62B65FQ.jpg]
[alsayegh.com/storage/projects/01JKMRCS5HV51XMAYK3HHGRP2F.jpg]
[alsayegh.com/project/nakheel.html]
[alsayegh.com/storage/projects/Arabian-Days-2023-Case-Study.mp4]
[alsayegh.com/storage/projects/01JKK7QFKMTZY3N9TBNYT8MHYG.jpg]
[alsayegh.com/storage/projects/01JKK7QFKKVW72KY9WBJR1YG2M.jpg]
[alsayegh.com/storage/projects/01JKK7QFKPR53B1Q79Q306H54D.jpg]
[alsayegh.com/storage/projects/01JKK7QFKJWCX63A33F43TJP61.jpg]
[alsayegh.com/storage/projects/01JKK7QFKC74BVBDMCC5AJCMJ6.jpg]
[alsayegh.com/storage/projects/01JKK7QFKFVD3KAE3GSHQJPFZ0.jpg]
[alsayegh.com/storage/projects/01JKK7QFKE9RGETYZ3PBX644A2.jpg]
[alsayegh.com/storage/projects/01JKK7QFKG9VSSDZKY5YMMRNS4.jpg]
[alsayegh.com/storage/projects/01JKK7QFKNS8XJ780E3S0QV6X6.jpg]
[alsayegh.com/storage/projects/01JKK7QFKHKDN97BYZWTGZKVBT.jpg]
[alsayegh.com/storage/projects/01JKMP33D0VHSKNQAKBPY9YV9V.jpg]
[alsayegh.com/storage/projects/01JKMP33D3QQA1VJ2J9YCEAWAF.jpg]
[alsayegh.com/storage/projects/01JKMP33DQ7W3YXXSW1R6KP3QY.jpg]
[alsayegh.com/storage/projects/01JKMP33DMEQGK51X284F3P0P2.jpg]
[alsayegh.com/storage/projects/01JKMP33DH397252E2GMWCZGCN.jpg]
[alsayegh.com/storage/projects/01JKMP33DE2XZ0JTDH0JB6Q2C9.jpg]
[alsayegh.com/storage/projects/01JKMP33DB5CA2KPNHH0ZWKTV9.jpg]
[alsayegh.com/storage/projects/01JKMP33D835D6PW4JMFXBS984.jpg]
[alsayegh.com/storage/projects/01JKMP33D55EZ9Y02YVF5KVJ68.jpg]
[alsayegh.com/storage/projects/01JKWREJAE8R0J4NDP07WR5FH3.mp4]
[alsayegh.com/storage/projects/01JKMPVKZQQZ611FAVKM0T9CA9.jpg]
[alsayegh.com/storage/projects/01JKMPVKZV6EEKK5S2TR81NFJD.jpg]
[alsayegh.com/storage/projects/01JKMPVM0EKM96Y26BXGRJDHJA.jpg]
[alsayegh.com/storage/projects/01JKMPVM0BWJ0ENBBS58N2QVQB.jpg]
[alsayegh.com/storage/projects/01JKMPVM08AHNH9X70RYXD9TNR.jpg]
[alsayegh.com/storage/projects/01JKMPVM055SW2M6D584DFFD6H.jpg]
[alsayegh.com/storage/projects/01JKMPVM03TFMWETH077VT0MZ9.jpg]
[alsayegh.com/storage/projects/01JKMPVM00ZJ2FZG04EZFYMVTZ.jpg]
[alsayegh.com/storage/projects/01JKMPVKZYNYTY5RE0RN1WJV1Q.jpg]
[alsayegh.com/storage/projects/01JKWPSM48H1KH9X1V1BGHX42Z.mp4]
[alsayegh.com/project/arabiandays.html]
[alsayegh.com/storage/projects/01JKMWB8AQJ3RRAMVVM81N29FB.mp4]
[alsayegh.com/storage/projects/01JKMW8HSR6P4GNNAQ9W3XKKGD.jpg]
[alsayegh.com/storage/projects/01JKMW8HSNM3NDHDH3925F996V.jpg]
[alsayegh.com/storage/projects/01JKMW8HSJTSJCJ23NQV154YW7.jpg]
[alsayegh.com/storage/projects/01JKMW8HSG639ZREWV2KAS0BWE.jpg]
[alsayegh.com/storage/projects/01JKMW8HSD7MHV2K4NKSTVBZQD.jpg]
[alsayegh.com/storage/projects/01JKMW8HSAG2HHG67GYZXNRC64.jpg]
[alsayegh.com/project/aramco.html]
[alsayegh.com/storage/projects/01JKNYXV8S31M5NK3WXWNSDCB5.mp4]
[alsayegh.com/storage/projects/01JKNYCYJNN3MP2ZTZSKCPZXWR.jpg]
[alsayegh.com/storage/projects/01JKNYCYJGK5G4BMNKMX76YWCE.jpg]
[alsayegh.com/storage/projects/01JKNYCYJGK5G4BMNKMX76YWCD.jpg]
[alsayegh.com/storage/projects/01JKNYCYJFN86P5W3AG492XZGP.jpg]
[alsayegh.com/storage/projects/01JKNYCYJFN86P5W3AG492XZGN.jpg]
[alsayegh.com/storage/projects/01JKNYCYJEWK93QTKAMXKVD179.jpg]
[alsayegh.com/storage/projects/01JKNYCYJEWK93QTKAMXKVD178.jpg]
[alsayegh.com/storage/projects/01JKNYCYJD7BS6JKPDACGDFXR8.jpg]
[alsayegh.com/storage/projects/01JKNYCYJBXNPERY03Z1N9QJ2S.jpg]
[alsayegh.com/storage/projects/01JKNYZ5NTRSXN6NG0FV762FPJ.mp4]
[alsayegh.com/project/the_north_face.html]
[alsayegh.com/storage/projects/01JKMX0542JRPTSPC22G0BNZQT.mp4]
[alsayegh.com/storage/projects/01JKMWP78FDV2NQ2MJYKC8P53Y.jpg]
[alsayegh.com/storage/projects/01JKMWP78C17S60RC99MBMNNZ3.jpg]
[alsayegh.com/storage/projects/01JKMWP789DA22TPVJVVBEJXR4.jpg]
[alsayegh.com/storage/projects/01JKMWP787FCXWHH7FRYSW2WRH.jpg]
[alsayegh.com/storage/projects/01JKMWP784AGC1VF3R7FAYRNRY.jpg]
[alsayegh.com/storage/projects/01JKMWP78185WXF1CZCPEZS027.jpg]
[alsayegh.com/project/sharjah_tourism.html]
[alsayegh.com/storage/projects/01JKMVKN22P7EC4JD82YJ5A5XA.mp4]
[alsayegh.com/storage/projects/01JKMVG2BWKXMC9033RT49WV4J.jpg]
[alsayegh.com/storage/projects/01JKMVG2BSYM27GQF8AA2CJF2X.jpg]
[alsayegh.com/storage/projects/01JKMVG2BP3P16TE0SK9A6YN6X.jpg]
[alsayegh.com/storage/projects/01JKMVG2BMWCPJ70Y8K9SSYSDZ.jpg]
[alsayegh.com/storage/projects/01JKMVG2BHFBG1B48G1TPBEXBD.jpg]
[alsayegh.com/storage/projects/01JKMVG2BFNWF99F89DB5ZDM12.jpg]
[alsayegh.com/storage/projects/01JKMVG2BCA4802ZFNB4RMWYBV.jpg]
[alsayegh.com/storage/projects/01JKMVG2BA6JDCQHC7C657BK3Z.jpg]
[alsayegh.com/storage/projects/01JKMVG2B70H3QDXP9JVSY4KNC.jpg]
[alsayegh.com/storage/projects/01JKMVG2B4SSAFK1PAQ3KEADW2.jpg]
[alsayegh.com/storage/projects/01JKMVG2B0BH4QZC03Y9CXF8KZ.jpg]
[alsayegh.com/project/visit_abu_dhabi.html]
[alsayegh.com/storage/projects/01JKMV2DT9V7AN6Y48X96M5PTR.mp4]
[alsayegh.com/storage/projects/01JKMV2DVQNS7E7E79YHP6APK9.jpg]
[alsayegh.com/storage/projects/01JKMV2DVM9SR3JXXJ9BNB5T3W.jpg]
[alsayegh.com/storage/projects/01JKMV2DVH0N6E5Q605WDXZ38N.jpg]
[alsayegh.com/storage/projects/01JKMV2DVFHEB1QEYVAN66DRHK.jpg]
[alsayegh.com/storage/projects/01JKMV2DVCSZR0HJ85GE9J0GDS.jpg]
[alsayegh.com/storage/projects/01JKMV2DV92VD5M4SQWWXB0TPH.jpg]
[alsayegh.com/project/tiger_properties.html]
[alsayegh.com/storage/projects/01JKMS2AX48HSMHKDA4KTGB675.mp4]
[alsayegh.com/storage/projects/01JKMS0MSKP92WB8CTQDKZXH88.jpg]
[alsayegh.com/storage/projects/01JKMS0MSGEG4EHEKF42Y40M2W.jpg]
[alsayegh.com/storage/projects/01JKMS0MSEYDRGPW80RH402W2C.jpg]
[alsayegh.com/storage/projects/01JKMS0MSBPCGSGGEPEH66AJSW.jpg]
[alsayegh.com/storage/projects/01JKMS0MS8M74RRK3TPZT6YT53.jpg]
[alsayegh.com/project/uae_president_cup.html]
[alsayegh.com/storage/projects/01JKMQXTSHXS8QHN18VGPCG1NN.mp4]
[alsayegh.com/storage/projects/01JKMQSKDYRQ08PZW9PZGT4Y1A.jpg]
[alsayegh.com/storage/projects/01JKMQSKE2NB27VQMKZKF3A6XA.jpg]
[alsayegh.com/storage/projects/01JKMQSKE8MZ4H4QYW8JNJMQQK.jpg]
[alsayegh.com/storage/projects/01JKMQSKED5MTHFW07Q4966GZR.jpg]
[alsayegh.com/storage/projects/01JKMQSKEAPWYZWW6BF5PRQ3SC.jpg]
[alsayegh.com/storage/projects/01JKMQSKE5N1Q5TNG2D2AZ7R5Q.jpg]
[alsayegh.com/project/a2rl.html]
[alsayegh.com/storage/projects/01JKMR4DNJN9AQPTDF2BDN4831.mp4]
[alsayegh.com/storage/projects/01JKMR79NNEGYQ6KTBRS4M4FPV.jpg]
[alsayegh.com/storage/projects/01JKMR79NJE0FP7ZK09VF95EX9.jpg]
[alsayegh.com/storage/projects/01JKMR79NFF0YZQAKY90RMY0N0.jpg]
[alsayegh.com/storage/projects/01JKMR79NCN12G8CW90186DP5D.jpg]
[alsayegh.com/storage/projects/01JKMR79NAP2XN5GZF4ZZ5AFJC.jpg]
[alsayegh.com/storage/projects/01JKMR79N6GRA34AV4VJ99G4PN.jpg]
[alsayegh.com/project/dct.html]
[alsayegh.com/storage/projects/01JKMYM3YR0YV4G14BSB8B7E4T.mp4]
[alsayegh.com/storage/projects/01JKMYM3ZR3ENSG4DKXN7CZ896.jpg]
[alsayegh.com/storage/projects/01JKMYM3ZPN3A49252EVS2JNWD.jpg]
[alsayegh.com/storage/projects/01JKMYM3ZKPTG1CEHVP28NASVV.jpg]
[alsayegh.com/storage/projects/01JKMYM3ZGS3GJ9D8TYAXNMA1T.jpg]
[alsayegh.com/storage/projects/01JKMYM3ZE44951EPAQZA9RNA1.jpg]
[alsayegh.com/storage/projects/01JKMYM3ZB6KACTV91AS5TZ8DK.jpg]
[alsayegh.com/project/dubai_shopping_festival.html]
[alsayegh.com/storage/projects/01JKMRPEBSVVXQE4HVWWYEF4PB.mp4]
[alsayegh.com/storage/projects/01JKMRN5HYTYW4X6XKNX20YQFF.jpg]
[alsayegh.com/storage/projects/01JKMRN5HT0A756TC83A26W1WV.jpg]
[alsayegh.com/storage/projects/01JKMRN5HR38N4WAXJ6HMRN01R.jpg]
[alsayegh.com/storage/projects/01JKMRN5HNX0DV0T8876BPVQ8V.jpg]
[alsayegh.com/storage/projects/01JKMRN5HJEQRQFVECE4QPFPYY.jpg]
[alsayegh.com/storage/projects/01JKMRN5HE8SKVZSC21MFRCZMR.jpg]
[alsayegh.com/project/dubai_tourism.html]
[alsayegh.com/assets/img/sm/ig.svg]
[alsayegh.com/assets/img/sm/in.svg]
